{"timestamp":"2026-08-26T16:08:42.786727Z","level":"INFO","fields":{"message":"python/3.12.14; huggingface_hub/1.28.0; hf_xet/1.6.0; , xet-core revision de71453"},"filename":"/Users/runner/work/xet-core/xet-core/xet_runtime/src/logging/init.rs","line_number":71}
{"timestamp":"2026-08-26T16:08:42.786827Z","level":"INFO","fields":{"message":"hf_xet logging configured."},"filename":"src/logging.rs","line_number":36}
{"timestamp":"2026-08-26T16:08:42.786834Z","level":"INFO","fields":{"message":"Increased RLIMIT_NOFILE soft limit from 1048575 to 9223372036854775807"},"filename":"/Users/runner/work/xet-core/xet-core/xet_runtime/src/core/file_handle_limits.rs","line_number":31}
{"timestamp":"2026-08-26T16:08:42.786836Z","level":"INFO","fields":{"message":"starting log cleanup in \"/Users/ananya/Desktop/Whisper_AI-main/.hf_cache/xet/logs\" (min_age=86400s, max_retention=1209600s, max_size=250MB bytes)"},"filename":"/Users/runner/work/xet-core/xet-core/xet_runtime/src/logging/init.rs","line_number":253}
{"timestamp":"2026-08-26T16:08:42.787122Z","level":"INFO","fields":{"message":"Config: min_spacing_between_global_dedup_queries = 256 (default)"},"filename":"/Users/runner/work/xet-core/xet-core/xet_runtime/src/utils/configuration_utils.rs","line_number":54}
{"timestamp":"2026-08-26T16:08:42.787127Z","level":"INFO","fields":{"message":"Config: local_cas_scheme = \"local://\" (default)"},"filename":"/Users/runner/work/xet-core/xet-core/xet_runtime/src/utils/configuration_utils.rs","line_number":54}
{"timestamp":"2026-08-26T16:08:42.787130Z","level":"INFO","fields":{"message":"Config: max_concurrent_file_ingestion = 8 (default)"},"filename":"/Users/runner/work/xet-core/xet-core/xet_runtime/src/utils/configuration_utils.rs","line_number":54}
{"timestamp":"2026-08-26T16:08:42.787132Z","level":"INFO","fields":{"message":"Config: max_concurrent_file_downloads = 8 (default)"},"filename":"/Users/runner/work/xet-core/xet-core/xet_runtime/src/utils/configuration_utils.rs","line_number":54}
{"timestamp":"2026-08-26T16:08:42.787134Z","level":"INFO","fields":{"message":"Config: ingestion_block_size = 8MB (default)"},"filename":"/Users/runner/work/xet-core/xet-core/xet_runtime/src/utils/configuration_utils.rs","line_number":54}
{"timestamp":"2026-08-26T16:08:42.787137Z","level":"INFO","fields":{"message":"Config: progress_update_interval = 200ms (default)"},"filename":"/Users/runner/work/xet-core/xet-core/xet_runtime/src/utils/configuration_utils.rs","line_number":54}
{"timestamp":"2026-08-26T16:08:42.787139Z","level":"INFO","fields":{"message":"Config: progress_update_speed_sampling_window = 10s (default)"},"filename":"/Users/runner/work/xet-core/xet-core/xet_runtime/src/utils/configuration_utils.rs","line_number":54}
{"timestamp":"2026-08-26T16:08:42.787141Z","level":"INFO","fields":{"message":"Config: progress_update_speed_min_observations = 4 (default)"},"filename":"/Users/runner/work/xet-core/xet-core/xet_runtime/src/utils/configuration_utils.rs","line_number":54}
{"timestamp":"2026-08-26T16:08:42.787143Z","level":"INFO","fields":{"message":"Config: session_xorb_metadata_flush_interval = 20s (default)"},"filename":"/Users/runner/work/xet-core/xet-core/xet_runtime/src/utils/configuration_utils.rs","line_number":54}
{"timestamp":"2026-08-26T16:08:42.787145Z","level":"INFO","fields":{"message":"Config: session_xorb_metadata_flush_max_count = 64 (default)"},"filename":"/Users/runner/work/xet-core/xet-core/xet_runtime/src/utils/configuration_utils.rs","line_number":54}
{"timestamp":"2026-08-26T16:08:42.787147Z","level":"INFO","fields":{"message":"Config: default_cas_endpoint = \"http://localhost:8080\" (default)"},"filename":"/Users/runner/work/xet-core/xet-core/xet_runtime/src/utils/configuration_utils.rs","line_number":54}
{"timestamp":"2026-08-26T16:08:42.787149Z","level":"INFO","fields":{"message":"Config: aggregate_progress = true (default)"},"filename":"/Users/runner/work/xet-core/xet-core/xet_runtime/src/utils/configuration_utils.rs","line_number":54}
{"timestamp":"2026-08-26T16:08:42.787151Z","level":"INFO","fields":{"message":"Config: default_prefix = \"default\" (default)"},"filename":"/Users/runner/work/xet-core/xet-core/xet_runtime/src/utils/configuration_utils.rs","line_number":54}
{"timestamp":"2026-08-26T16:08:42.787153Z","level":"INFO","fields":{"message":"Config: staging_subdir = \"staging\" (default)"},"filename":"/Users/runner/work/xet-core/xet-core/xet_runtime/src/utils/configuration_utils.rs","line_number":54}
{"timestamp":"2026-08-26T16:08:42.787155Z","level":"INFO","fields":{"message":"Config: target_size = 67108864 (default)"},"filename":"/Users/runner/work/xet-core/xet-core/xet_runtime/src/utils/configuration_utils.rs","line_number":54}
{"timestamp":"2026-08-26T16:08:42.787157Z","level":"INFO","fields":{"message":"Config: max_target_size = 67108864 (default)"},"filename":"/Users/runner/work/xet-core/xet-core/xet_runtime/src/utils/configuration_utils.rs","line_number":54}
{"timestamp":"2026-08-26T16:08:42.787159Z","level":"INFO","fields":{"message":"Config: cache_size_limit = 16GB (default)"},"filename":"/Users/runner/work/xet-core/xet-core/xet_runtime/src/utils/configuration_utils.rs","line_number":54}
{"timestamp":"2026-08-26T16:08:42.787161Z","level":"INFO","fields":{"message":"Config: chunk_index_table_max_size = 67108864 (default)"},"filename":"/Users/runner/work/xet-core/xet-core/xet_runtime/src/utils/configuration_utils.rs","line_number":54}
{"timestamp":"2026-08-26T16:08:42.787163Z","level":"INFO","fields":{"message":"Config: cache_subdir = \"shard-cache\" (default)"},"filename":"/Users/runner/work/xet-core/xet-core/xet_runtime/src/utils/configuration_utils.rs","line_number":54}
{"timestamp":"2026-08-26T16:08:42.787165Z","level":"INFO","fields":{"message":"Config: nranges_in_streaming_fragmentation_estimator = 128 (default)"},"filename":"/Users/runner/work/xet-core/xet-core/xet_runtime/src/utils/configuration_utils.rs","line_number":54}
{"timestamp":"2026-08-26T16:08:42.787166Z","level":"INFO","fields":{"message":"Config: min_n_chunks_per_range_hysteresis_factor = 0.5 (default)"},"filename":"/Users/runner/work/xet-core/xet-core/xet_runtime/src/utils/configuration_utils.rs","line_number":54}
{"timestamp":"2026-08-26T16:08:42.787170Z","level":"INFO","fields":{"message":"Config: min_n_chunks_per_range = 8.0 (default)"},"filename":"/Users/runner/work/xet-core/xet-core/xet_runtime/src/utils/configuration_utils.rs","line_number":54}
{"timestamp":"2026-08-26T16:08:42.787172Z","level":"INFO","fields":{"message":"Config: global_dedup_query_enabled = true (default)"},"filename":"/Users/runner/work/xet-core/xet-core/xet_runtime/src/utils/configuration_utils.rs","line_number":54}
{"timestamp":"2026-08-26T16:08:42.787173Z","level":"INFO","fields":{"message":"Config: size_bytes = 0 (default)"},"filename":"/Users/runner/work/xet-core/xet-core/xet_runtime/src/utils/configuration_utils.rs","line_number":54}
{"timestamp":"2026-08-26T16:08:42.787175Z","level":"INFO","fields":{"message":"Config: retry_max_attempts = 5 (default)"},"filename":"/Users/runner/work/xet-core/xet-core/xet_runtime/src/utils/configuration_utils.rs","line_number":54}
{"timestamp":"2026-08-26T16:08:42.787177Z","level":"INFO","fields":{"message":"Config: retry_base_delay = 3s (default)"},"filename":"/Users/runner/work/xet-core/xet-core/xet_runtime/src/utils/configuration_utils.rs","line_number":54}
{"timestamp":"2026-08-26T16:08:42.787179Z","level":"INFO","fields":{"message":"Config: retry_max_duration = 360s (default)"},"filename":"/Users/runner/work/xet-core/xet-core/xet_runtime/src/utils/configuration_utils.rs","line_number":54}
{"timestamp":"2026-08-26T16:08:42.787180Z","level":"INFO","fields":{"message":"Config: idle_connection_timeout = 60s (default)"},"filename":"/Users/runner/work/xet-core/xet-core/xet_runtime/src/utils/configuration_utils.rs","line_number":54}
{"timestamp":"2026-08-26T16:08:42.787182Z","level":"INFO","fields":{"message":"Config: max_idle_connections = 16 (default)"},"filename":"/Users/runner/work/xet-core/xet-core/xet_runtime/src/utils/configuration_utils.rs","line_number":54}
{"timestamp":"2026-08-26T16:08:42.787184Z","level":"INFO","fields":{"message":"Config: connect_timeout = 60s (default)"},"filename":"/Users/runner/work/xet-core/xet-core/xet_runtime/src/utils/configuration_utils.rs","line_number":54}
{"timestamp":"2026-08-26T16:08:42.787186Z","level":"INFO","fields":{"message":"Config: read_timeout = 300s (default)"},"filename":"/Users/runner/work/xet-core/xet-core/xet_runtime/src/utils/configuration_utils.rs","line_number":54}
{"timestamp":"2026-08-26T16:08:42.787188Z","level":"INFO","fields":{"message":"Config: upload_reporting_block_size = 524288 (default)"},"filename":"/Users/runner/work/xet-core/xet-core/xet_runtime/src/utils/configuration_utils.rs","line_number":54}
{"timestamp":"2026-08-26T16:08:42.787189Z","level":"INFO","fields":{"message":"Config: enable_adaptive_concurrency = true (default)"},"filename":"/Users/runner/work/xet-core/xet-core/xet_runtime/src/utils/configuration_utils.rs","line_number":54}
{"timestamp":"2026-08-26T16:08:42.787191Z","level":"INFO","fields":{"message":"Config: ac_min_adjustment_window_ms = 500 (default)"},"filename":"/Users/runner/work/xet-core/xet-core/xet_runtime/src/utils/configuration_utils.rs","line_number":54}
{"timestamp":"2026-08-26T16:08:42.787193Z","level":"INFO","fields":{"message":"Config: ac_min_bytes_required_for_adjustment = 20MB (default)"},"filename":"/Users/runner/work/xet-core/xet-core/xet_runtime/src/utils/configuration_utils.rs","line_number":54}
{"timestamp":"2026-08-26T16:08:42.787195Z","level":"INFO","fields":{"message":"Config: ac_num_transmissions_required_for_adjustment = 1 (default)"},"filename":"/Users/runner/work/xet-core/xet-core/xet_runtime/src/utils/configuration_utils.rs","line_number":54}
{"timestamp":"2026-08-26T16:08:42.787197Z","level":"INFO","fields":{"message":"Config: ac_latency_rtt_half_life = 64.0 (default)"},"filename":"/Users/runner/work/xet-core/xet-core/xet_runtime/src/utils/configuration_utils.rs","line_number":54}
{"timestamp":"2026-08-26T16:08:42.787199Z","level":"INFO","fields":{"message":"Config: ac_success_tracking_half_life = 8.0 (default)"},"filename":"/Users/runner/work/xet-core/xet-core/xet_runtime/src/utils/configuration_utils.rs","line_number":54}
{"timestamp":"2026-08-26T16:08:42.787201Z","level":"INFO","fields":{"message":"Config: ac_target_rtt = 60s (default)"},"filename":"/Users/runner/work/xet-core/xet-core/xet_runtime/src/utils/configuration_utils.rs","line_number":54}
{"timestamp":"2026-08-26T16:08:42.787203Z","level":"INFO","fields":{"message":"Config: ac_max_healthy_rtt = 90s (default)"},"filename":"/Users/runner/work/xet-core/xet-core/xet_runtime/src/utils/configuration_utils.rs","line_number":54}
{"timestamp":"2026-08-26T16:08:42.787205Z","level":"INFO","fields":{"message":"Config: ac_rtt_success_max_quantile = 0.95 (default)"},"filename":"/Users/runner/work/xet-core/xet-core/xet_runtime/src/utils/configuration_utils.rs","line_number":54}
{"timestamp":"2026-08-26T16:08:42.787207Z","level":"INFO","fields":{"message":"Config: ac_healthy_success_ratio_threshold = 0.8 (default)"},"filename":"/Users/runner/work/xet-core/xet-core/xet_runtime/src/utils/configuration_utils.rs","line_number":54}
{"timestamp":"2026-08-26T16:08:42.787208Z","level":"INFO","fields":{"message":"Config: ac_unhealthy_success_ratio_threshold = 0.5 (default)"},"filename":"/Users/runner/work/xet-core/xet-core/xet_runtime/src/utils/configuration_utils.rs","line_number":54}
{"timestamp":"2026-08-26T16:08:42.787210Z","level":"INFO","fields":{"message":"Config: ac_max_reference_transmission_size = 64MB (default)"},"filename":"/Users/runner/work/xet-core/xet-core/xet_runtime/src/utils/configuration_utils.rs","line_number":54}
{"timestamp":"2026-08-26T16:08:42.787212Z","level":"INFO","fields":{"message":"Config: ac_min_reference_transmission_size = 1MB (default)"},"filename":"/Users/runner/work/xet-core/xet-core/xet_runtime/src/utils/configuration_utils.rs","line_number":54}
{"timestamp":"2026-08-26T16:08:42.787214Z","level":"INFO","fields":{"message":"Config: ac_logging_interval_ms = 10000 (default)"},"filename":"/Users/runner/work/xet-core/xet-core/xet_runtime/src/utils/configuration_utils.rs","line_number":54}
{"timestamp":"2026-08-26T16:08:42.787216Z","level":"INFO","fields":{"message":"Config: ac_max_upload_concurrency = 64 (default)"},"filename":"/Users/runner/work/xet-core/xet-core/xet_runtime/src/utils/configuration_utils.rs","line_number":54}
{"timestamp":"2026-08-26T16:08:42.787218Z","level":"INFO","fields":{"message":"Config: ac_min_upload_concurrency = 1 (default)"},"filename":"/Users/runner/work/xet-core/xet-core/xet_runtime/src/utils/configuration_utils.rs","line_number":54}
{"timestamp":"2026-08-26T16:08:42.787220Z","level":"INFO","fields":{"message":"Config: ac_initial_upload_concurrency = 2 (default)"},"filename":"/Users/runner/work/xet-core/xet-core/xet_runtime/src/utils/configuration_utils.rs","line_number":54}
{"timestamp":"2026-08-26T16:08:42.787221Z","level":"INFO","fields":{"message":"Config: ac_max_download_concurrency = 64 (default)"},"filename":"/Users/runner/work/xet-core/xet-core/xet_runtime/src/utils/configuration_utils.rs","line_number":54}
{"timestamp":"2026-08-26T16:08:42.787223Z","level":"INFO","fields":{"message":"Config: ac_min_download_concurrency = 1 (default)"},"filename":"/Users/runner/work/xet-core/xet-core/xet_runtime/src/utils/configuration_utils.rs","line_number":54}
{"timestamp":"2026-08-26T16:08:42.787225Z","level":"INFO","fields":{"message":"Config: ac_initial_download_concurrency = 4 (default)"},"filename":"/Users/runner/work/xet-core/xet-core/xet_runtime/src/utils/configuration_utils.rs","line_number":54}
{"timestamp":"2026-08-26T16:08:42.787227Z","level":"INFO","fields":{"message":"Config: unix_socket_path = None (default)"},"filename":"/Users/runner/work/xet-core/xet-core/xet_runtime/src/utils/configuration_utils.rs","line_number":54}
{"timestamp":"2026-08-26T16:08:42.787229Z","level":"INFO","fields":{"message":"Config: reconstruction_api_version = None (default)"},"filename":"/Users/runner/work/xet-core/xet-core/xet_runtime/src/utils/configuration_utils.rs","line_number":54}
{"timestamp":"2026-08-26T16:08:42.787248Z","level":"INFO","fields":{"message":"Config: shard_api_version = None (default)"},"filename":"/Users/runner/work/xet-core/xet-core/xet_runtime/src/utils/configuration_utils.rs","line_number":54}
{"timestamp":"2026-08-26T16:08:42.787249Z","level":"INFO","fields":{"message":"Config: enable_multirange_fetching = false (default)"},"filename":"/Users/runner/work/xet-core/xet-core/xet_runtime/src/utils/configuration_utils.rs","line_number":54}
{"timestamp":"2026-08-26T16:08:42.787251Z","level":"INFO","fields":{"message":"Config: dest = None (default)"},"filename":"/Users/runner/work/xet-core/xet-core/xet_runtime/src/utils/configuration_utils.rs","line_number":54}
{"timestamp":"2026-08-26T16:08:42.787253Z","level":"INFO","fields":{"message":"Config: format = None (default)"},"filename":"/Users/runner/work/xet-core/xet-core/xet_runtime/src/utils/configuration_utils.rs","line_number":54}
{"timestamp":"2026-08-26T16:08:42.787255Z","level":"INFO","fields":{"message":"Config: prefix = \"xet\" (default)"},"filename":"/Users/runner/work/xet-core/xet-core/xet_runtime/src/utils/configuration_utils.rs","line_number":54}
{"timestamp":"2026-08-26T16:08:42.787256Z","level":"INFO","fields":{"message":"Config: dir_disable_cleanup = false (default)"},"filename":"/Users/runner/work/xet-core/xet-core/xet_runtime/src/utils/configuration_utils.rs","line_number":54}
{"timestamp":"2026-08-26T16:08:42.787258Z","level":"INFO","fields":{"message":"Config: dir_max_size = 250MB (default)"},"filename":"/Users/runner/work/xet-core/xet-core/xet_runtime/src/utils/configuration_utils.rs","line_number":54}
{"timestamp":"2026-08-26T16:08:42.787260Z","level":"INFO","fields":{"message":"Config: dir_min_deletion_age = 86400s (default)"},"filename":"/Users/runner/work/xet-core/xet-core/xet_runtime/src/utils/configuration_utils.rs","line_number":54}
{"timestamp":"2026-08-26T16:08:42.787262Z","level":"INFO","fields":{"message":"Config: dir_max_retention_age = 1209600s (default)"},"filename":"/Users/runner/work/xet-core/xet-core/xet_runtime/src/utils/configuration_utils.rs","line_number":54}
{"timestamp":"2026-08-26T16:08:42.787264Z","level":"INFO","fields":{"message":"Config: min_reconstruction_fetch_size = 256MB (default)"},"filename":"/Users/runner/work/xet-core/xet-core/xet_runtime/src/utils/configuration_utils.rs","line_number":54}
{"timestamp":"2026-08-26T16:08:42.787266Z","level":"INFO","fields":{"message":"Config: max_reconstruction_fetch_size = 8GB (default)"},"filename":"/Users/runner/work/xet-core/xet-core/xet_runtime/src/utils/configuration_utils.rs","line_number":54}
{"timestamp":"2026-08-26T16:08:42.787268Z","level":"INFO","fields":{"message":"Config: download_buffer_size = 2GB (default)"},"filename":"/Users/runner/work/xet-core/xet-core/xet_runtime/src/utils/configuration_utils.rs","line_number":54}
{"timestamp":"2026-08-26T16:08:42.787269Z","level":"INFO","fields":{"message":"Config: download_buffer_perfile_size = 512MB (default)"},"filename":"/Users/runner/work/xet-core/xet-core/xet_runtime/src/utils/configuration_utils.rs","line_number":54}
{"timestamp":"2026-08-26T16:08:42.787271Z","level":"INFO","fields":{"message":"Config: download_buffer_limit = 8GB (default)"},"filename":"/Users/runner/work/xet-core/xet-core/xet_runtime/src/utils/configuration_utils.rs","line_number":54}
{"timestamp":"2026-08-26T16:08:42.787273Z","level":"INFO","fields":{"message":"Config: completion_rate_estimator_half_life = 4.0 (default)"},"filename":"/Users/runner/work/xet-core/xet-core/xet_runtime/src/utils/configuration_utils.rs","line_number":54}
{"timestamp":"2026-08-26T16:08:42.787275Z","level":"INFO","fields":{"message":"Config: target_block_completion_time = 900s (default)"},"filename":"/Users/runner/work/xet-core/xet-core/xet_runtime/src/utils/configuration_utils.rs","line_number":54}
{"timestamp":"2026-08-26T16:08:42.787276Z","level":"INFO","fields":{"message":"Config: min_prefetch_buffer = 1GB (default)"},"filename":"/Users/runner/work/xet-core/xet-core/xet_runtime/src/utils/configuration_utils.rs","line_number":54}
{"timestamp":"2026-08-26T16:08:42.787278Z","level":"INFO","fields":{"message":"Config: use_vectored_write = true (default)"},"filename":"/Users/runner/work/xet-core/xet-core/xet_runtime/src/utils/configuration_utils.rs","line_number":54}
{"timestamp":"2026-08-26T16:08:42.787280Z","level":"INFO","fields":{"message":"Config: compression_scheme_retest_interval = 32 (default)"},"filename":"/Users/runner/work/xet-core/xet-core/xet_runtime/src/utils/configuration_utils.rs","line_number":54}
{"timestamp":"2026-08-26T16:08:42.787282Z","level":"INFO","fields":{"message":"Config: compression_policy = \"auto\" (default)"},"filename":"/Users/runner/work/xet-core/xet-core/xet_runtime/src/utils/config_enum.rs","line_number":174}
{"timestamp":"2026-08-26T16:08:42.787284Z","level":"INFO","fields":{"message":"Config: simulation_max_bytes = None (default)"},"filename":"/Users/runner/work/xet-core/xet-core/xet_runtime/src/utils/configuration_utils.rs","line_number":54}
{"timestamp":"2026-08-26T16:08:42.787286Z","level":"INFO","fields":{"message":"Config: simulation_max_chunks = None (default)"},"filename":"/Users/runner/work/xet-core/xet-core/xet_runtime/src/utils/configuration_utils.rs","line_number":54}
{"timestamp":"2026-08-26T16:08:42.787305Z","level":"INFO","fields":{"message":"Config: dir_name = \"shard-session\" (default)"},"filename":"/Users/runner/work/xet-core/xet-core/xet_runtime/src/utils/configuration_utils.rs","line_number":54}
{"timestamp":"2026-08-26T16:08:42.787307Z","level":"INFO","fields":{"message":"Config: enabled = false (default)"},"filename":"/Users/runner/work/xet-core/xet-core/xet_runtime/src/utils/configuration_utils.rs","line_number":54}
{"timestamp":"2026-08-26T16:08:42.787309Z","level":"INFO","fields":{"message":"Config: sample_interval = 5s (default)"},"filename":"/Users/runner/work/xet-core/xet-core/xet_runtime/src/utils/configuration_utils.rs","line_number":54}
{"timestamp":"2026-08-26T16:08:42.787311Z","level":"INFO","fields":{"message":"Config: log_path = None (default)"},"filename":"/Users/runner/work/xet-core/xet-core/xet_runtime/src/utils/configuration_utils.rs","line_number":54}
{"timestamp":"2026-08-26T16:08:42.787510Z","level":"INFO","fields":{"message":"Using 10 async threads for tokio runtime"},"filename":"/Users/runner/work/xet-core/xet-core/xet_runtime/src/core/runtime/native.rs","line_number":63}
{"timestamp":"2026-08-26T16:08:42.787809Z","level":"INFO","fields":{"message":"Session created, session_id=01a03ed4-b623-7f13-8a9e-0e1df4a3165c"},"filename":"/Users/runner/work/xet-core/xet-core/xet_pkg/src/xet_session/session.rs","line_number":192}
{"timestamp":"2026-08-26T16:08:42.789381Z","level":"INFO","fields":{"message":"CAS auth disabled","caller":"/Users/runner/work/xet-core/xet-core/xet_client/src/common/http_client.rs:166"},"filename":"/Users/runner/work/xet-core/xet-core/xet_runtime/src/error_printer/mod.rs","line_number":198}
{"timestamp":"2026-08-26T16:08:42.790369Z","level":"INFO","fields":{"message":"HTTP client configured","idle_timeout":"60s","max_idle_connections":16,"custom_headers":"Some({\"user-agent\": \"unknown/None; hf_hub/1.28.0; python/3.12.14; torch/2.13.0; agent/unknown; transformers/5.15.1; session_id/d51b95aa87eb44a7858beed6a479e593; file_type/model; framework/pytorch; from_auto_class/False\"})"},"filename":"/Users/runner/work/xet-core/xet-core/xet_client/src/common/http_client.rs","line_number":187}
{"timestamp":"2026-08-26T16:08:42.790381Z","level":"INFO","fields":{"message":"Retry strategy","retry":"RetryWrapper { max_attempts: 5, base_delay: 3s, max_duration: 360s, no_retry_on_429: false, retry_on_403: false, expected_416: false, expected_404: false, log_errors_as_info: false, api_tag: \"xet-token\", has_connection_permit: false }"},"filename":"/Users/runner/work/xet-core/xet-core/xet_client/src/cas_client/retry_wrapper.rs","line_number":274}
{"timestamp":"2026-08-26T16:08:42.798734Z","level":"INFO","fields":{"message":"Log Directory Cleanup: found 56.125kB of logs in 2 log files, with 0B in 0 files eligible for deletion."},"filename":"/Users/runner/work/xet-core/xet-core/xet_runtime/src/logging/init.rs","line_number":331}
{"timestamp":"2026-08-26T16:08:42.798753Z","level":"INFO","fields":{"message":"Log Directory Cleanup: deleted 0B in 0 files"},"filename":"/Users/runner/work/xet-core/xet-core/xet_runtime/src/logging/init.rs","line_number":395}
{"timestamp":"2026-08-26T16:08:42.932140Z","level":"ERROR","fields":{"message":"failed to verify TLS certificate: invalid peer certificate: Other(OtherError(\"OSStatus -26276: -26276\"))","log.target":"rustls_platform_verifier::verification::apple","log.module_path":"rustls_platform_verifier::verification::apple","log.file":"/Users/runner/.cargo/registry/src/index.crates.io-1949cf8c6b5b557f/rustls-platform-verifier-0.6.2/src/verification/apple.rs","log.line":269},"filename":"/Users/runner/.cargo/registry/src/index.crates.io-1949cf8c6b5b557f/rustls-platform-verifier-0.6.2/src/verification/apple.rs","line_number":269,"span":{"api":"xet-token","name":"client::request"},"spans":[{"api":"xet-token","name":"client::request"}]}
{"timestamp":"2026-08-26T16:08:42.932277Z","level":"WARN","fields":{"message":"Request error","err":"Reqwest(reqwest::Error { kind: Request, url: \"https://huggingface.co/api/models/superb/hubert-large-superb-er/xet-read-token/ef1a2ebfd7cfc424dc7f0fbcdc406e8b794d63bb\", source: hyper_util::client::legacy::Error(Connect, Custom { kind: Other, error: Custom { kind: InvalidData, error: InvalidCertificate(Other(OtherError(\"OSStatus -26276: -26276\"))) } }) })"},"filename":"/Users/runner/work/xet-core/xet-core/xet_client/src/common/http_client.rs","line_number":291}
{"timestamp":"2026-08-26T16:08:42.932310Z","level":"INFO","fields":{"message":"Connection attempt 1/5","api":"xet-token"},"filename":"/Users/runner/work/xet-core/xet-core/xet_client/src/cas_client/retry_wrapper.rs","line_number":143}
{"timestamp":"2026-08-26T16:08:42.932314Z","level":"INFO","fields":{"message":"Retryable Client Error: xet-token api call failed: error sending request for url (https://huggingface.co/api/models/superb/hubert-large-superb-er/xet-read-token/ef1a2ebfd7cfc424dc7f0fbcdc406e8b794d63bb)"},"filename":"/Users/runner/work/xet-core/xet-core/xet_client/src/cas_client/retry_wrapper.rs","line_number":146}
{"timestamp":"2026-08-26T16:08:46.096195Z","level":"ERROR","fields":{"message":"failed to verify TLS certificate: invalid peer certificate: Other(OtherError(\"OSStatus -26276: -26276\"))","log.target":"rustls_platform_verifier::verification::apple","log.module_path":"rustls_platform_verifier::verification::apple","log.file":"/Users/runner/.cargo/registry/src/index.crates.io-1949cf8c6b5b557f/rustls-platform-verifier-0.6.2/src/verification/apple.rs","log.line":269},"filename":"/Users/runner/.cargo/registry/src/index.crates.io-1949cf8c6b5b557f/rustls-platform-verifier-0.6.2/src/verification/apple.rs","line_number":269,"span":{"api":"xet-token","name":"client::request"},"spans":[{"api":"xet-token","name":"client::request"}]}
{"timestamp":"2026-08-26T16:08:46.096458Z","level":"WARN","fields":{"message":"Request error","err":"Reqwest(reqwest::Error { kind: Request, url: \"https://huggingface.co/api/models/superb/hubert-large-superb-er/xet-read-token/ef1a2ebfd7cfc424dc7f0fbcdc406e8b794d63bb\", source: hyper_util::client::legacy::Error(Connect, Custom { kind: Other, error: Custom { kind: InvalidData, error: InvalidCertificate(Other(OtherError(\"OSStatus -26276: -26276\"))) } }) })"},"filename":"/Users/runner/work/xet-core/xet-core/xet_client/src/common/http_client.rs","line_number":291}
{"timestamp":"2026-08-26T16:08:46.096495Z","level":"INFO","fields":{"message":"Connection attempt 2/5","api":"xet-token"},"filename":"/Users/runner/work/xet-core/xet-core/xet_client/src/cas_client/retry_wrapper.rs","line_number":143}
{"timestamp":"2026-08-26T16:08:46.096501Z","level":"INFO","fields":{"message":"Retryable Client Error: xet-token api call failed (retry 1): error sending request for url (https://huggingface.co/api/models/superb/hubert-large-superb-er/xet-read-token/ef1a2ebfd7cfc424dc7f0fbcdc406e8b794d63bb)"},"filename":"/Users/runner/work/xet-core/xet-core/xet_client/src/cas_client/retry_wrapper.rs","line_number":146}
{"timestamp":"2026-08-26T16:08:53.239666Z","level":"ERROR","fields":{"message":"failed to verify TLS certificate: invalid peer certificate: Other(OtherError(\"OSStatus -26276: -26276\"))","log.target":"rustls_platform_verifier::verification::apple","log.module_path":"rustls_platform_verifier::verification::apple","log.file":"/Users/runner/.cargo/registry/src/index.crates.io-1949cf8c6b5b557f/rustls-platform-verifier-0.6.2/src/verification/apple.rs","log.line":269},"filename":"/Users/runner/.cargo/registry/src/index.crates.io-1949cf8c6b5b557f/rustls-platform-verifier-0.6.2/src/verification/apple.rs","line_number":269,"span":{"api":"xet-token","name":"client::request"},"spans":[{"api":"xet-token","name":"client::request"}]}
{"timestamp":"2026-08-26T16:08:53.239852Z","level":"WARN","fields":{"message":"Request error","err":"Reqwest(reqwest::Error { kind: Request, url: \"https://huggingface.co/api/models/superb/hubert-large-superb-er/xet-read-token/ef1a2ebfd7cfc424dc7f0fbcdc406e8b794d63bb\", source: hyper_util::client::legacy::Error(Connect, Custom { kind: Other, error: Custom { kind: InvalidData, error: InvalidCertificate(Other(OtherError(\"OSStatus -26276: -26276\"))) } }) })"},"filename":"/Users/runner/work/xet-core/xet-core/xet_client/src/common/http_client.rs","line_number":291}
{"timestamp":"2026-08-26T16:08:53.239879Z","level":"INFO","fields":{"message":"Connection attempt 3/5","api":"xet-token"},"filename":"/Users/runner/work/xet-core/xet-core/xet_client/src/cas_client/retry_wrapper.rs","line_number":143}
{"timestamp":"2026-08-26T16:08:53.239883Z","level":"INFO","fields":{"message":"Retryable Client Error: xet-token api call failed (retry 2): error sending request for url (https://huggingface.co/api/models/superb/hubert-large-superb-er/xet-read-token/ef1a2ebfd7cfc424dc7f0fbcdc406e8b794d63bb)"},"filename":"/Users/runner/work/xet-core/xet-core/xet_client/src/cas_client/retry_wrapper.rs","line_number":146}
{"timestamp":"2026-08-26T16:09:09.736423Z","level":"ERROR","fields":{"message":"failed to verify TLS certificate: invalid peer certificate: Other(OtherError(\"OSStatus -26276: -26276\"))","log.target":"rustls_platform_verifier::verification::apple","log.module_path":"rustls_platform_verifier::verification::apple","log.file":"/Users/runner/.cargo/registry/src/index.crates.io-1949cf8c6b5b557f/rustls-platform-verifier-0.6.2/src/verification/apple.rs","log.line":269},"filename":"/Users/runner/.cargo/registry/src/index.crates.io-1949cf8c6b5b557f/rustls-platform-verifier-0.6.2/src/verification/apple.rs","line_number":269,"span":{"api":"xet-token","name":"client::request"},"spans":[{"api":"xet-token","name":"client::request"}]}
{"timestamp":"2026-08-26T16:09:09.736666Z","level":"WARN","fields":{"message":"Request error","err":"Reqwest(reqwest::Error { kind: Request, url: \"https://huggingface.co/api/models/superb/hubert-large-superb-er/xet-read-token/ef1a2ebfd7cfc424dc7f0fbcdc406e8b794d63bb\", source: hyper_util::client::legacy::Error(Connect, Custom { kind: Other, error: Custom { kind: InvalidData, error: InvalidCertificate(Other(OtherError(\"OSStatus -26276: -26276\"))) } }) })"},"filename":"/Users/runner/work/xet-core/xet-core/xet_client/src/common/http_client.rs","line_number":291}
{"timestamp":"2026-08-26T16:09:09.736695Z","level":"INFO","fields":{"message":"Connection attempt 4/5","api":"xet-token"},"filename":"/Users/runner/work/xet-core/xet-core/xet_client/src/cas_client/retry_wrapper.rs","line_number":143}
{"timestamp":"2026-08-26T16:09:09.736700Z","level":"INFO","fields":{"message":"Retryable Client Error: xet-token api call failed (retry 3): error sending request for url (https://huggingface.co/api/models/superb/hubert-large-superb-er/xet-read-token/ef1a2ebfd7cfc424dc7f0fbcdc406e8b794d63bb)"},"filename":"/Users/runner/work/xet-core/xet-core/xet_client/src/cas_client/retry_wrapper.rs","line_number":146}
{"timestamp":"2026-08-26T16:10:07.566644Z","level":"ERROR","fields":{"message":"failed to verify TLS certificate: invalid peer certificate: Other(OtherError(\"OSStatus -26276: -26276\"))","log.target":"rustls_platform_verifier::verification::apple","log.module_path":"rustls_platform_verifier::verification::apple","log.file":"/Users/runner/.cargo/registry/src/index.crates.io-1949cf8c6b5b557f/rustls-platform-verifier-0.6.2/src/verification/apple.rs","log.line":269},"filename":"/Users/runner/.cargo/registry/src/index.crates.io-1949cf8c6b5b557f/rustls-platform-verifier-0.6.2/src/verification/apple.rs","line_number":269,"span":{"api":"xet-token","name":"client::request"},"spans":[{"api":"xet-token","name":"client::request"}]}
{"timestamp":"2026-08-26T16:10:07.566779Z","level":"WARN","fields":{"message":"Request error","err":"Reqwest(reqwest::Error { kind: Request, url: \"https://huggingface.co/api/models/superb/hubert-large-superb-er/xet-read-token/ef1a2ebfd7cfc424dc7f0fbcdc406e8b794d63bb\", source: hyper_util::client::legacy::Error(Connect, Custom { kind: Other, error: Custom { kind: InvalidData, error: InvalidCertificate(Other(OtherError(\"OSStatus -26276: -26276\"))) } }) })"},"filename":"/Users/runner/work/xet-core/xet-core/xet_client/src/common/http_client.rs","line_number":291}
{"timestamp":"2026-08-26T16:10:07.566800Z","level":"INFO","fields":{"message":"Connection attempt 5/5","api":"xet-token"},"filename":"/Users/runner/work/xet-core/xet-core/xet_client/src/cas_client/retry_wrapper.rs","line_number":143}
{"timestamp":"2026-08-26T16:10:07.566803Z","level":"INFO","fields":{"message":"Retryable Client Error: xet-token api call failed (retry 4): error sending request for url (https://huggingface.co/api/models/superb/hubert-large-superb-er/xet-read-token/ef1a2ebfd7cfc424dc7f0fbcdc406e8b794d63bb)"},"filename":"/Users/runner/work/xet-core/xet-core/xet_client/src/cas_client/retry_wrapper.rs","line_number":146}
{"timestamp":"2026-08-26T16:12:00.950052Z","level":"ERROR","fields":{"message":"failed to verify TLS certificate: invalid peer certificate: Other(OtherError(\"OSStatus -26276: -26276\"))","log.target":"rustls_platform_verifier::verification::apple","log.module_path":"rustls_platform_verifier::verification::apple","log.file":"/Users/runner/.cargo/registry/src/index.crates.io-1949cf8c6b5b557f/rustls-platform-verifier-0.6.2/src/verification/apple.rs","log.line":269},"filename":"/Users/runner/.cargo/registry/src/index.crates.io-1949cf8c6b5b557f/rustls-platform-verifier-0.6.2/src/verification/apple.rs","line_number":269,"span":{"api":"xet-token","name":"client::request"},"spans":[{"api":"xet-token","name":"client::request"}]}
{"timestamp":"2026-08-26T16:12:00.950159Z","level":"WARN","fields":{"message":"Request error","err":"Reqwest(reqwest::Error { kind: Request, url: \"https://huggingface.co/api/models/superb/hubert-large-superb-er/xet-read-token/ef1a2ebfd7cfc424dc7f0fbcdc406e8b794d63bb\", source: hyper_util::client::legacy::Error(Connect, Custom { kind: Other, error: Custom { kind: InvalidData, error: InvalidCertificate(Other(OtherError(\"OSStatus -26276: -26276\"))) } }) })"},"filename":"/Users/runner/work/xet-core/xet-core/xet_client/src/common/http_client.rs","line_number":291}
{"timestamp":"2026-08-26T16:12:00.950175Z","level":"INFO","fields":{"message":"Connection attempt 6/5","api":"xet-token"},"filename":"/Users/runner/work/xet-core/xet-core/xet_client/src/cas_client/retry_wrapper.rs","line_number":143}
{"timestamp":"2026-08-26T16:12:00.950177Z","level":"INFO","fields":{"message":"Retryable Client Error: xet-token api call failed (retry 5): error sending request for url (https://huggingface.co/api/models/superb/hubert-large-superb-er/xet-read-token/ef1a2ebfd7cfc424dc7f0fbcdc406e8b794d63bb)"},"filename":"/Users/runner/work/xet-core/xet-core/xet_client/src/cas_client/retry_wrapper.rs","line_number":146}
{"timestamp":"2026-08-26T16:12:00.950182Z","level":"ERROR","fields":{"message":"No more retries; aborting: Request middleware error: error sending request for url (https://huggingface.co/api/models/superb/hubert-large-superb-er/xet-read-token/ef1a2ebfd7cfc424dc7f0fbcdc406e8b794d63bb)"},"filename":"/Users/runner/work/xet-core/xet-core/xet_client/src/cas_client/retry_wrapper.rs","line_number":372}
